[14Sept2026 22:47:37.608] [main/INFO] [cpw.mods.modlauncher.Launcher/MODLAUNCHER]: ModLauncher running: args [--launchTarget, forgeserverdev, --gameDir, ., --fml.fmlVersion, 4.0.44, --fml.mcVersion, 1.21.1, --fml.neoForgeVersion, 21.1.250, --fml.neoFormVersion, 20240808.144430, --nogui]
[14Sept2026 22:47:37.610] [main/INFO] [cpw.mods.modlauncher.Launcher/MODLAUNCHER]: JVM identified as Arch Linux OpenJDK 64-Bit Server VM 21.0.12+8
[14Sept2026 22:47:37.611] [main/INFO] [cpw.mods.modlauncher.Launcher/MODLAUNCHER]: ModLauncher 11.0.5+main.901c6ea8 starting: java version 21.0.12 by Arch Linux; OS Linux arch amd64 version 7.2.4-3-cachyos
[14Sept2026 22:47:37.676] [main/INFO] [net.neoforged.fml.loading.ImmediateWindowHandler/]: ImmediateWindowProvider not loading because launch target is forgeserverdev
[14Sept2026 22:47:37.706] [main/INFO] [mixin/]: SpongePowered MIXIN Subsystem Version=0.8.7 Source=union:/home/potat/.gradle/caches/modules-2/files-2.1/net.fabricmc/sponge-mixin/0.15.2+mixin.0.8.7/2af2f021d8e02a0220dc27a7a72b4666d66d44ca/sponge-mixin-0.15.2+mixin.0.8.7.jar%2394!/ Service=ModLauncher Env=SERVER
[14Sept2026 22:47:37.877] [main/INFO] [net.neoforged.fml.loading.moddiscovery.locators.JarInJarDependencyLocator/]: Found 2 dependencies adding them to mods collection
[14Sept2026 22:47:37.878] [main/INFO] [net.neoforged.fml.loading.moddiscovery.ModDiscoverer/]: 
     Mod List:
		Name Version (Mod Id)

		Minecraft 1.21.1 (minecraft)
		NeoForge 21.1.250 (neoforge)
		Wartime 1.0-SNAPSHOT (wartime)
[14Sept2026 22:47:38.233] [main/INFO] [mixin/]: Compatibility level set to JAVA_21
[14Sept2026 22:47:38.240] [main/INFO] [cpw.mods.modlauncher.LaunchServiceHandler/MODLAUNCHER]: Launching target 'forgeserverdev' with arguments [--gameDir, ., --nogui]
[14Sept2026 22:47:38.620] [main/INFO] [MixinExtras|Service/]: Initializing MixinExtras via com.llamalad7.mixinextras.service.MixinExtrasServiceImpl(version=0.5.3).
[14Sept2026 22:47:41.809] [main/WARN] [net.minecraft.commands.Commands/]: Ambiguity between arguments [teleport, location] and [teleport, destination] with inputs: [0.1 -0.5 .9, 0 0 0]
[14Sept2026 22:47:41.810] [main/WARN] [net.minecraft.commands.Commands/]: Ambiguity between arguments [teleport, location] and [teleport, targets] with inputs: [0.1 -0.5 .9, 0 0 0]
[14Sept2026 22:47:41.812] [main/WARN] [net.minecraft.commands.Commands/]: Ambiguity between arguments [teleport, destination] and [teleport, targets] with inputs: [Player, 0123, @e, dd12be42-52a9-4a91-a8a1-11c01849e498]
[14Sept2026 22:47:41.812] [main/WARN] [net.minecraft.commands.Commands/]: Ambiguity between arguments [teleport, targets] and [teleport, destination] with inputs: [Player, 0123, dd12be42-52a9-4a91-a8a1-11c01849e498]
[14Sept2026 22:47:41.813] [main/WARN] [net.minecraft.commands.Commands/]: Ambiguity between arguments [teleport, targets, location] and [teleport, targets, destination] with inputs: [0.1 -0.5 .9, 0 0 0]
[14Sept2026 22:47:41.862] [modloading-worker-0/INFO] [net.neoforged.neoforge.common.NeoForgeMod/NEOFORGE-MOD]: NeoForge mod loading, version 21.1.250, for MC 1.21.1
[14Sept2026 22:47:42.055] [main/INFO] [com.mojang.authlib.yggdrasil.YggdrasilAuthenticationService/]: Environment: Environment[sessionHost=https://sessionserver.mojang.com, servicesHost=https://api.minecraftservices.com, name=PROD]
[14Sept2026 22:47:42.141] [main/WARN] [net.minecraft.server.packs.VanillaPackResourcesBuilder/]: Assets URL 'union:/home/potat/IdeaProjects/Wartime/build/moddev/artifacts/neoforge-21.1.250.jar%23125!/assets/.mcassetsroot' uses unexpected schema
[14Sept2026 22:47:42.141] [main/WARN] [net.minecraft.server.packs.VanillaPackResourcesBuilder/]: Assets URL 'union:/home/potat/IdeaProjects/Wartime/build/moddev/artifacts/neoforge-21.1.250.jar%23125!/data/.mcassetsroot' uses unexpected schema
[14Sept2026 22:47:42.686] [main/INFO] [net.minecraft.world.item.crafting.RecipeManager/]: Loaded 1290 recipes
[14Sept2026 22:47:42.791] [main/INFO] [net.minecraft.advancements.AdvancementTree/]: Loaded 1399 advancements
[14Sept2026 22:47:43.178] [Server thread/INFO] [net.minecraft.server.dedicated.DedicatedServer/]: Starting minecraft server version 1.21.1
[14Sept2026 22:47:43.178] [Server thread/INFO] [net.minecraft.server.dedicated.DedicatedServer/]: Loading properties
[14Sept2026 22:47:43.178] [Server thread/INFO] [net.minecraft.server.dedicated.DedicatedServer/]: Default game type: SURVIVAL
[14Sept2026 22:47:43.178] [Server thread/INFO] [net.minecraft.server.MinecraftServer/]: Generating keypair
[14Sept2026 22:47:43.224] [Server thread/INFO] [net.minecraft.server.dedicated.DedicatedServer/]: Starting Minecraft server on *:25565
[14Sept2026 22:47:43.257] [Server thread/INFO] [net.minecraft.server.network.ServerConnectionListener/]: Using epoll channel type
[14Sept2026 22:47:43.278] [Server thread/WARN] [net.minecraft.server.dedicated.DedicatedServer/]: **** SERVER IS RUNNING IN OFFLINE/INSECURE MODE!
[14Sept2026 22:47:43.278] [Server thread/WARN] [net.minecraft.server.dedicated.DedicatedServer/]: The server will make no attempt to authenticate usernames. Beware.
[14Sept2026 22:47:43.278] [Server thread/WARN] [net.minecraft.server.dedicated.DedicatedServer/]: While this makes the game possible to play without internet access, it also opens up the ability for hackers to connect with any username they choose.
[14Sept2026 22:47:43.278] [Server thread/WARN] [net.minecraft.server.dedicated.DedicatedServer/]: To change this, set "online-mode" to "true" in the server.properties file.
[14Sept2026 22:47:43.302] [Server thread/INFO] [net.minecraft.server.dedicated.DedicatedServer/]: Preparing level "world"
[14Sept2026 22:47:44.019] [Server thread/INFO] [net.minecraft.server.MinecraftServer/]: Preparing start region for dimension minecraft:overworld
[14Sept2026 22:47:44.176] [worldgen/INFO] [net.minecraft.server.level.progress.LoggerChunkProgressListener/]: Preparing spawn area: 0%
[14Sept2026 22:47:44.244] [Server thread/INFO] [net.minecraft.server.level.progress.LoggerChunkProgressListener/]: Time elapsed: 225 ms
[14Sept2026 22:47:44.244] [Server thread/INFO] [net.minecraft.server.dedicated.DedicatedServer/]: Done (0.958s)! For help, type "help"
[14Sept2026 22:47:44.268] [Server thread/INFO] [net.neoforged.neoforge.gametest.GameTestHooks/]: Enabled Gametest Namespaces: [wartime]
[14Sept2026 22:47:44.270] [Server thread/INFO] [net.neoforged.neoforge.server.permission.PermissionAPI/]: Successfully initialized permission handler neoforge:default_handler
[14Sept2026 22:47:53.270] [Server thread/INFO] [net.minecraft.server.players.PlayerList/]: Dev[/[::1]:37432] logged in with entity id 96 at (-59.5, 68.0, -73.5)
[14Sept2026 22:47:53.290] [Server thread/INFO] [net.minecraft.server.MinecraftServer/]: Dev joined the game
[14Sept2026 22:48:22.227] [Server thread/INFO] [net.minecraft.server.network.ServerGamePacketListenerImpl/]: Dev lost connection: Disconnected
[14Sept2026 22:48:22.227] [Server thread/INFO] [net.minecraft.server.MinecraftServer/]: Dev left the game
[14Sept2026 22:51:23.822] [Server thread/INFO] [net.minecraft.server.MinecraftServer/]: Stopping server
[14Sept2026 22:51:23.823] [Server thread/INFO] [net.minecraft.server.MinecraftServer/]: Saving players
[14Sept2026 22:51:23.823] [Server thread/INFO] [net.minecraft.server.MinecraftServer/]: Saving worlds
[14Sept2026 22:51:23.892] [Server thread/INFO] [net.minecraft.server.MinecraftServer/]: Saving chunks for level 'ServerLevel[world]'/minecraft:overworld
[14Sept2026 22:51:32.191] [Server thread/INFO] [net.minecraft.server.MinecraftServer/]: Saving chunks for level 'ServerLevel[world]'/minecraft:the_end
[14Sept2026 22:51:32.240] [Server thread/INFO] [net.minecraft.server.MinecraftServer/]: Saving chunks for level 'ServerLevel[world]'/minecraft:the_nether
[14Sept2026 22:51:32.362] [Server thread/INFO] [net.minecraft.server.MinecraftServer/]: ThreadedAnvilChunkStorage (world): All chunks are saved
[14Sept2026 22:51:32.362] [Server thread/INFO] [net.minecraft.server.MinecraftServer/]: ThreadedAnvilChunkStorage (DIM1): All chunks are saved
[14Sept2026 22:51:32.362] [Server thread/INFO] [net.minecraft.server.MinecraftServer/]: ThreadedAnvilChunkStorage (DIM-1): All chunks are saved
[14Sept2026 22:51:32.362] [Server thread/INFO] [net.minecraft.server.MinecraftServer/]: ThreadedAnvilChunkStorage: All dimensions are saved
